[dotenv@17.2.3] injecting env (9) from .env.local -- tip: Ô£à audit secrets and track compliance: https://dotenvx.com/ops
node.exe : [2m[WebSe
rver] [22m[33m[1mÔ
Üá[22m[39m "next st
art" does not work wi
th "output: standalon
e" configuration. Use
 "node .next/standalo
ne/server.js" instead
.
At line:1 char:1
+ & "C:\Program Files
\nodejs/node.exe" "C:
\Program Files\nodejs
/node_mo ...
+ ~~~~~~~~~~~~~~~~~~~
~~~~~~~~~~~~~~~~~~~~~
~~~~~~~~~~~~~~~~~~~~~
~~~~~~~~
    + CategoryInfo   
           : NotSpe  
  cified: ([2m[We   
 bServer]...er.js    
" instead.:Strin    g
) [], RemoteExc    ep
tion
    + FullyQualified 
   ErrorId : Native  
  CommandError
 

Running 3 tests using 3 workers

[dotenv@17.2.3] injecting env (0) from .env.local -- tip: ÔÜÖ´©Å  load multiple .env files with { path: ['.env.local', '.env'] }
[dotenv@17.2.3] injecting env (0) from .env.local -- tip: ÔÜÖ´©Å  specify custom .env file path with { path: '/custom/path/.env' }
[dotenv@17.2.3] injecting env (0) from .env.local -- tip: ÔÜÖ´©Å  specify custom .env file path with { path: '/custom/path/.env' }
  Ô£İ  3 [chromium] ÔÇ║ tests\settings.spec.ts:14:5 ÔÇ║ ai settings save verification (7.9s)
  Ô£İ  1 [chromium] ÔÇ║ tests\pipeline.spec.ts:14:5 ÔÇ║ kanban pipeline columns visibility (7.9s)
  Ô£İ  2 [chromium] ÔÇ║ tests\auth.spec.ts:3:5 ÔÇ║ login process (13.0s)


  1) [chromium] ÔÇ║ tests\auth.spec.ts:3:5 ÔÇ║ login process ÔöÇÔöÇÔöÇÔöÇÔöÇÔöÇÔöÇÔöÇÔöÇÔöÇÔöÇÔöÇÔöÇÔöÇÔöÇÔöÇÔöÇÔöÇÔöÇÔöÇÔöÇÔöÇÔöÇÔöÇÔöÇÔöÇÔöÇÔöÇÔöÇÔöÇÔöÇÔöÇÔöÇÔöÇÔöÇÔöÇÔöÇÔöÇÔöÇÔöÇÔöÇÔöÇÔöÇ

    TimeoutError: page.waitForURL: Timeout 10000ms exceeded.
    =========================== logs ===========================
    waiting for navigation until "load"
    ============================================================

      16 |     // Wait for navigation and verify
      17 |     try {
    > 18 |         await page.waitForURL(/.*dashboard/, { timeout: 10000 });
         |                    ^
      19 |         await expect(page.locator('text=Sistem ├ûzeti')).toBeVisible();
      20 |     } catch (e) {
      21 |         await page.screenshot({ path: 'auth-failure.png' });
        at D:\yeni proe deseweb\bow\tests\auth.spec.ts:18:20

    Error Context: test-results\auth-login-process-chromium\error-context.md

  2) [chromium] ÔÇ║ tests\pipeline.spec.ts:14:5 ÔÇ║ kanban pipeline columns visibility ÔöÇÔöÇÔöÇÔöÇÔöÇÔöÇÔöÇÔöÇÔöÇÔöÇÔöÇÔöÇÔöÇÔöÇÔöÇÔöÇÔöÇ

    Error: [2mexpect([22m[31mpage[39m[2m).[22mtoHaveURL[2m([22m[32mexpected[39m[2m)[22m failed

    Expected pattern: [32m/.*dashboard/[39m
    Received string:  [31m"http://localhost:3000/login"[39m
    Timeout: 5000ms

    Call log:
    [2m  - Expect "toHaveURL" with timeout 5000ms[22m
    [2m    9 ├ù unexpected value "http://localhost:3000/login"[22m


       9 |     await page.fill('input[placeholder="┼Şifre"]', password);
      10 |     await page.click('button:has-text("Giri┼ş Yap")');
    > 11 |     await expect(page).toHaveURL(/.*dashboard/);
         |                        ^
      12 | });
      13 |
      14 | test('kanban pipeline columns visibility', async ({ page }) => {
        at D:\yeni proe deseweb\bow\tests\pipeline.spec.ts:11:24

    Error Context: test-results\pipeline-kanban-pipeline-columns-visibility-chromium\error-context.md

  3) [chromium] ÔÇ║ tests\settings.spec.ts:14:5 ÔÇ║ ai settings save verification ÔöÇÔöÇÔöÇÔöÇÔöÇÔöÇÔöÇÔöÇÔöÇÔöÇÔöÇÔöÇÔöÇÔöÇÔöÇÔöÇÔöÇÔöÇÔöÇÔöÇÔöÇÔöÇ

    Error: [2mexpect([22m[31mpage[39m[2m).[22mtoHaveURL[2m([22m[32mexpected[39m[2m)[22m failed

    Expected pattern: [32m/.*dashboard/[39m
    Received string:  [31m"http://localhost:3000/login"[39m
    Timeout: 5000ms

    Call log:
    [2m  - Expect "toHaveURL" with timeout 5000ms[22m
    [2m    9 ├ù unexpected value "http://localhost:3000/login"[22m


       9 |     await page.fill('input[placeholder="┼Şifre"]', password);
      10 |     await page.click('button:has-text("Giri┼ş Yap")');
    > 11 |     await expect(page).toHaveURL(/.*dashboard/);
         |                        ^
      12 | });
      13 |
      14 | test('ai settings save verification', async ({ page }) => {
        at D:\yeni proe deseweb\bow\tests\settings.spec.ts:11:24

    Error Context: test-results\settings-ai-settings-save-verification-chromium\error-context.md

  3 failed
    [chromium] ÔÇ║ tests\auth.spec.ts:3:5 ÔÇ║ login process ÔöÇÔöÇÔöÇÔöÇÔöÇÔöÇÔöÇÔöÇÔöÇÔöÇÔöÇÔöÇÔöÇÔöÇÔöÇÔöÇÔöÇÔöÇÔöÇÔöÇÔöÇÔöÇÔöÇÔöÇÔöÇÔöÇÔöÇÔöÇÔöÇÔöÇÔöÇÔöÇÔöÇÔöÇÔöÇÔöÇÔöÇÔöÇÔöÇÔöÇÔöÇÔöÇÔöÇÔöÇ
    [chromium] ÔÇ║ tests\pipeline.spec.ts:14:5 ÔÇ║ kanban pipeline columns visibility ÔöÇÔöÇÔöÇÔöÇÔöÇÔöÇÔöÇÔöÇÔöÇÔöÇÔöÇÔöÇÔöÇÔöÇÔöÇÔöÇÔöÇÔöÇ
    [chromium] ÔÇ║ tests\settings.spec.ts:14:5 ÔÇ║ ai settings save verification ÔöÇÔöÇÔöÇÔöÇÔöÇÔöÇÔöÇÔöÇÔöÇÔöÇÔöÇÔöÇÔöÇÔöÇÔöÇÔöÇÔöÇÔöÇÔöÇÔöÇÔöÇÔöÇÔöÇ
